main.c:122:5:main	296	static
main.c:765:6:SystemClock_Config	88	static
main.c:810:13:MX_ADC1_Init	24	static
main.c:860:13:MX_SPI3_Init	8	static
main.c:898:13:MX_TIM3_Init	32	static
main.c:943:13:MX_TIM11_Init	8	static
main.c:974:13:MX_USART2_UART_Init	8	static
main.c:1005:13:MX_DMA_Init	16	static
main.c:1023:13:MX_GPIO_Init	48	static
main.c:1076:6:MCP4922SetOutput	24	static
main.c:1088:6:HAL_SPI_TxCpltCallback	16	static
main.c:1099:6:HAL_TIM_PeriodElapsedCallback	24	static
main.c:1107:17:micros	12	static
main.c:1112:9:UARTRecieveIT	16	static
main.c:1132:6:HAL_UART_RxCpltCallback	16	static
main.c:1145:6:Error_Handler	4	static,ignoring_inline_asm
